-iL
-iR
--exclude
--excludefile
-sL
-sn
-Pn
-PS
-PA
-PU
-PY
-PE
-PP
-PM
-PO
-n
-R
--dns-servers
--system-dns
--traceroute
-sS
-sT
-sA
-sW
-sM
-sU
-sN
-sF
-sX
--scanflags
-sI
-sY
-sZ
-sO
-b
-p
--exclude-ports
-F
-r
--top-ports
--port-ratio
-sV
--version-intensity
--version-light
--version-all
--version-trace
-sC
--script
--script-args
--script-args-file
--script-trace
--script-updatedb
--script-help
-O
--osscan-limit
--osscan-guess
-T
--min-hostgroup
--max-hostgroup
--min-parallelism
--max-parallelism
--min-rtt-timeout
--max-rtt-timeout
--initial-rtt-timeout
--max-retries
--host-timeout
--scan-delay
--max-scan-delay
--min-rate
--max-rate
-f
--mtu
-D
-S
-e
-g
--source-port
--proxies
--data
--data-string
--data-length
--ip-options
--ttl
--spoof-mac
--badsum
-oN
-oX
-oS
-oG
-oA
-v
-d
--reason
--open
--packet-trace
--iflist
--append-output
--resume
--stylesheet
--webxml
--no-stylesheet
-6
-A
--datadir
--send-eth/--send-ip
--privileged
--unprivileged